// Jest Snapshot v1, https://goo.gl/fbAQLP

exports[`AccessOptionComponent should work 1`] = `
<div
  className="MuiGrid-root MuiGrid-container MuiGrid-item css-1f064cs-MuiGrid-root"
  onClick={[Function]}
  style={
    {
      "cursor": "pointer",
    }
  }
>
  <div
    className="MuiGrid-root MuiGrid-item MuiGrid-grid-xs-1.5 css-1duidt6-MuiGrid-root"
  >
    <img
      src="123"
      width="32px"
    />
  </div>
  <div
    className="MuiGrid-root MuiGrid-item MuiGrid-direction-xs-column MuiGrid-grid-xs-5 css-12dbh09-MuiGrid-root"
  >
    <span>
      <h4>
        card
      </h4>
    </span>
    <span>
      <h5
        style={
          {
            "color": "grey",
            "fontSize": "0.8em",
          }
        }
      >
        123
      </h5>
    </span>
  </div>
  <div
    className="MuiGrid-root MuiGrid-item MuiGrid-grid-xs-5.5 css-1c3ja2f-MuiGrid-root"
  >
    1
    <span
      style={
        {
          "color": "grey",
          "fontSize": "0.7em",
        }
      }
    >
      123
    </span>
    <svg
      aria-hidden={true}
      className="MuiSvgIcon-root MuiSvgIcon-fontSizeMedium css-i4bv87-MuiSvgIcon-root"
      data-testid="NavigateNextIcon"
      focusable="false"
      viewBox="0 0 24 24"
    >
      <path
        d="M10 6 8.59 7.41 13.17 12l-4.58 4.59L10 18l6-6z"
      />
    </svg>
  </div>
</div>
`;
